MSLLTEVET	-0.602
SLLTEVETP	0.231
LLTEVETPI	0.576
LTEVETPIR	1.371
TEVETPIRN	-1.346
EVETPIRNE	-1.765
VETPIRNEW	0.608
ETPIRNEWG	-1.589
TPIRNEWGC	-0.409
PIRNEWGCR	1.192
IRNEWGCRC	0.005
RNEWGCRCN	-1.359
NEWGCRCND	-1.61
EWGCRCNDS	-2.225
WGCRCNDSS	-2.697
GCRCNDSSD	-1.981
CRCNDSSDP	0.249
RCNDSSDPL	1.118
CNDSSDPLV	0.077
NDSSDPLVV	0.033
DSSDPLVVA	-0.674
SSDPLVVAA	-0.757
SDPLVVAAS	-2.461
DPLVVAASI	-0.014
PLVVAASII	0.013
LVVAASIIG	-1.32
VVAASIIGI	0.8
VAASIIGIV	0.493
AASIIGIVH	-0.296
ASIIGIVHL	1.362
SIIGIVHLI	0.939
IIGIVHLIL	0.997
IGIVHLILW	0.719
GIVHLILWI	0.571
IVHLILWII	0.696
VHLILWIID	-1.719
HLILWIIDR	1.529
LILWIIDRL	1.082
ILWIIDRLF	2.797
LWIIDRLFS	-1.917
WIIDRLFSK	0.683
IIDRLFSKS	-2.326
IDRLFSKSI	0.308
DRLFSKSIY	2.842
RLFSKSIYR	1.721
LFSKSIYRI	0.834
FSKSIYRIF	2.526
SKSIYRIFK	0.458
KSIYRIFKH	-0.265
SIYRIFKHG	-0.926
IYRIFKHGL	1.345
YRIFKHGLK	0.729
RIFKHGLKR	1.917
IFKHGLKRG	-1.075
FKHGLKRGP	0.098
KHGLKRGPS	-2.399
HGLKRGPST	-0.944
GLKRGPSTE	-1.75
LKRGPSTEG	-1.323
KRGPSTEGV	0.513
RGPSTEGVP	0.168
GPSTEGVPE	-1.921
PSTEGVPES	-2.751
STEGVPESM	0.047
TEGVPESMR	1.219
EGVPESMRE	-1.948
GVPESMREE	-1.788
VPESMREEY	2.508
PESMREEYR	0.912
ESMREEYRE	-1.809
SMREEYREE	-1.509
MREEYREEQ	0.058
REEYREEQQ	-0.105
EEYREEQQN	-1.336
EYREEQQNA	-0.593
YREEQQNAV	0.19
REEQQNAVD	-1.903
EEQQNAVDA	-0.775
EQQNAVDAD	-2.143
QQNAVDADD	-1.988
QNAVDADDG	-1.567
NAVDADDGH	-0.417
AVDADDGHF	2.782
VDADDGHFV	0.24
